// Jest Snapshot v1, https://goo.gl/fbAQLP

exports[`project_menu tests renders and matches our snapshot 1`] = `
<div
  className="project-wrapper d-flex justify-content-center"
  data-aos="fade-up"
  data-aos-duration="1000"
  data-aos-offset={400}
>
  <div
    className="projects"
    id="projects"
  >
    <h3>
      Projects
    </h3>
  </div>
  <div
    className="jumbo-wrapper"
  >
    <div
      className="jumbotron"
    >
      <div
        className="d-flex justify-content-center mediaGroup media"
      >
        <a
          href="https://agile-beyond-13723.herokuapp.com/"
        >
          <img
            alt="laptop frame"
            className="laptop"
            src="laptop_frame.png"
          />
          <img
            alt="Singapore Restaurants"
            className="project-thumbnail"
            src="singaporemap.JPG"
          />
        </a>
        <div
          className="d-flex justify-content-center nav-arrow"
        >
          <button
            alt="Back arrow for previous project"
            className="arrow-left"
            onClick={[Function]}
          >
            <svg
              clipRule="evenodd"
              fillRule="evenodd"
              height="44"
              viewBox="0 0 24 24"
              width="44"
              xmlns="http://www.w3.org/2000/svg"
            >
              <path
                d="M12 0c6.623 0 12 5.377 12 12s-5.377 12-12 12-12-5.377-12-12 5.377-12 12-12zm0 1c6.071 0 11 4.929 11 11s-4.929 11-11 11-11-4.929-11-11 4.929-11 11-11zm3 5.753l-6.44 5.247 6.44 5.263-.678.737-7.322-6 7.335-6 .665.753z"
              />
            </svg>
          </button>
          <button
            alt="Forward arrow for next project"
            className="arrow-right"
            onClick={[Function]}
          >
            <svg
              clipRule="evenodd"
              fillRule="evenodd"
              height="44"
              viewBox="0 0 24 24"
              width="44"
              xmlns="http://www.w3.org/2000/svg"
            >
              <path
                d="M12 0c6.623 0 12 5.377 12 12s-5.377 12-12 12-12-5.377-12-12 5.377-12 12-12zm0 1c6.071 0 11 4.929 11 11s-4.929 11-11 11-11-4.929-11-11 4.929-11 11-11zm-3 5.753l6.44 5.247-6.44 5.263.678.737 7.322-6-7.335-6-.665.753z"
              />
            </svg>
          </button>
        </div>
        <div
          className="project-text media-body"
        >
          <h4>
            Singapore Restaurants
          </h4>
          <p>
            This application uses React, Facebook Graph API, and Google Maps API to display restaurants in central Singapore.
          </p>
        </div>
      </div>
    </div>
  </div>
</div>
`;
